
Memory Configuration

Name             Origin             Length             Attributes
Mem              0x0000000000000000 0x0000000004000000 xrw
*default*        0x0000000000000000 0xffffffffffffffff

Linker script and memory map

                0x0000000000010000                . = 0x10000

.startup        0x0000000000010000       0x10
 Startup.o(.text)
 .text          0x0000000000010000       0x10 Startup.o
                0x0000000000010000                reset

.text           0x0000000000010010       0xd8
 *(.text)
 .text          0x0000000000010010       0x58 UART.o
                0x0000000000010010                UART_send_string
 .text          0x0000000000010068       0x1c APP.o
                0x0000000000010068                main
 *(.rodata)
 .rodata        0x0000000000010084       0x64 APP.o
                0x0000000000010084                string_buffer2

.glue_7         0x00000000000100e8        0x0
 .glue_7        0x00000000000100e8        0x0 linker stubs

.glue_7t        0x00000000000100e8        0x0
 .glue_7t       0x00000000000100e8        0x0 linker stubs

.vfp11_veneer   0x00000000000100e8        0x0
 .vfp11_veneer  0x00000000000100e8        0x0 linker stubs

.v4_bx          0x00000000000100e8        0x0
 .v4_bx         0x00000000000100e8        0x0 linker stubs

.iplt           0x00000000000100e8        0x0
 .iplt          0x00000000000100e8        0x0 Startup.o

.rel.dyn        0x00000000000100e8        0x0
 .rel.iplt      0x00000000000100e8        0x0 Startup.o

.data           0x00000000000100e8       0x64
 *(.data)
 .data          0x00000000000100e8        0x0 Startup.o
 .data          0x00000000000100e8        0x0 UART.o
 .data          0x00000000000100e8       0x64 APP.o
                0x00000000000100e8                string_buffer

.igot.plt       0x000000000001014c        0x0
 .igot.plt      0x000000000001014c        0x0 Startup.o

.bss            0x000000000001014c        0x0
 *(.bss)
 .bss           0x000000000001014c        0x0 Startup.o
 .bss           0x000000000001014c        0x0 UART.o
 .bss           0x000000000001014c        0x0 APP.o
 *(COMMON)
                0x000000000001114c                . = (. + 0x1000)
                0x000000000001114c                stack_top = .
LOAD UART.o
LOAD APP.o
LOAD Startup.o
OUTPUT(learn-in-depth.elf elf32-littlearm)
LOAD linker stubs

.ARM.attributes
                0x0000000000000000       0x2e
 .ARM.attributes
                0x0000000000000000       0x22 Startup.o
 .ARM.attributes
                0x0000000000000022       0x2c UART.o
 .ARM.attributes
                0x000000000000004e       0x2c APP.o

.comment        0x0000000000000000       0x59
 .comment       0x0000000000000000       0x59 UART.o
                                         0x5a (size before relaxing)
 .comment       0x0000000000000059       0x5a APP.o
