
Memory Configuration

Name             Origin             Length             Attributes
FLASH            0x0000000000000000 0x0000000020000000 xr
SRAM             0x0000000020000000 0x0000000020000000 xrw
*default*        0x0000000000000000 0xffffffffffffffff

Linker script and memory map


.text           0x0000000000000000      0x13c
 *(.vectors*)
 .vectors       0x0000000000000000       0x10 Startup.o
                0x0000000000000000                g_p_fn_Vectors
 *(.text*)
 .text          0x0000000000000010       0xa0 main.o
                0x0000000000000010                main
 .text          0x00000000000000b0       0x8c Startup.o
                0x00000000000000b0                NMI_Handler
                0x00000000000000b0                Bus_Fault
                0x00000000000000b0                Default_Handler
                0x00000000000000bc                Reset_Handler
 *(.rodata*)
                0x000000000000013c                _E_TEXT = .

.glue_7         0x000000000000013c        0x0
 .glue_7        0x000000000000013c        0x0 linker stubs

.glue_7t        0x000000000000013c        0x0
 .glue_7t       0x000000000000013c        0x0 linker stubs

.vfp11_veneer   0x000000000000013c        0x0
 .vfp11_veneer  0x000000000000013c        0x0 linker stubs

.v4_bx          0x000000000000013c        0x0
 .v4_bx         0x000000000000013c        0x0 linker stubs

.iplt           0x000000000000013c        0x0
 .iplt          0x000000000000013c        0x0 main.o

.rel.dyn        0x000000000000013c        0x0
 .rel.iplt      0x000000000000013c        0x0 main.o

.data           0x0000000020000000        0x0 load address 0x000000000000013c
                0x0000000020000000                _S_DATA = .
 *(.data*)
 .data          0x0000000020000000        0x0 main.o
 .data          0x0000000020000000        0x0 Startup.o
                0x0000000020000000                _E_DATA = .

.igot.plt       0x0000000020000000        0x0 load address 0x000000000000013c
 .igot.plt      0x0000000020000000        0x0 main.o

.bss            0x0000000020000000      0x400 load address 0x000000000000013c
                0x0000000020000000                _S_BSS = .
 *(.bss*)
 .bss           0x0000000020000000        0x0 main.o
 .bss           0x0000000020000000      0x400 Startup.o
                0x0000000020000400                _E_BSS = .
LOAD main.o
LOAD Startup.o
OUTPUT(Unit3-Lab4-Cortex-m4.elf elf32-littlearm)
LOAD linker stubs

.debug_info     0x0000000000000000      0x285
 .debug_info    0x0000000000000000       0xba main.o
 .debug_info    0x00000000000000ba      0x1cb Startup.o

.debug_abbrev   0x0000000000000000      0x16b
 .debug_abbrev  0x0000000000000000       0x6b main.o
 .debug_abbrev  0x000000000000006b      0x100 Startup.o

.debug_loc      0x0000000000000000       0xb4
 .debug_loc     0x0000000000000000       0x38 main.o
 .debug_loc     0x0000000000000038       0x7c Startup.o

.debug_aranges  0x0000000000000000       0x40
 .debug_aranges
                0x0000000000000000       0x20 main.o
 .debug_aranges
                0x0000000000000020       0x20 Startup.o

.debug_line     0x0000000000000000      0x166
 .debug_line    0x0000000000000000       0xb0 main.o
 .debug_line    0x00000000000000b0       0xb6 Startup.o

.debug_str      0x0000000000000000      0x1ce
 .debug_str     0x0000000000000000      0x13e main.o
                                        0x17b (size before relaxing)
 .debug_str     0x000000000000013e       0x90 Startup.o
                                        0x1db (size before relaxing)

.comment        0x0000000000000000       0x59
 .comment       0x0000000000000000       0x59 main.o
                                         0x5a (size before relaxing)
 .comment       0x0000000000000059       0x5a Startup.o

.ARM.attributes
                0x0000000000000000       0x2e
 .ARM.attributes
                0x0000000000000000       0x2e main.o
 .ARM.attributes
                0x000000000000002e       0x2e Startup.o

.debug_frame    0x0000000000000000       0x8c
 .debug_frame   0x0000000000000000       0x3c main.o
 .debug_frame   0x000000000000003c       0x50 Startup.o
